[2026-06-02 07:46:25Z INFO HostContext] No proxy settings were found based on environmental variables (http_proxy/https_proxy/HTTP_PROXY/HTTPS_PROXY)
[2026-06-02 07:46:25Z INFO HostContext] Well known directory 'Bin': '/home/ubuntu/flaskapp/address/bin'
[2026-06-02 07:46:25Z INFO HostContext] Well known directory 'Root': '/home/ubuntu/flaskapp/address'
[2026-06-02 07:46:25Z INFO HostContext] Well known config file 'Credentials': '/home/ubuntu/flaskapp/address/.credentials'
[2026-06-02 07:46:25Z INFO HostContext] Well known directory 'Bin': '/home/ubuntu/flaskapp/address/bin'
[2026-06-02 07:46:25Z INFO HostContext] Well known directory 'Root': '/home/ubuntu/flaskapp/address'
[2026-06-02 07:46:25Z INFO HostContext] Well known config file 'Runner': '/home/ubuntu/flaskapp/address/.runner'
[2026-06-02 07:46:25Z INFO Listener] Runner is built for Linux (X64) - linux-x64.
[2026-06-02 07:46:25Z INFO Listener] RuntimeInformation: Ubuntu 24.04.4 LTS.
[2026-06-02 07:46:25Z INFO Listener] Version: 2.334.0
[2026-06-02 07:46:25Z INFO Listener] Commit: f1995ede5d885c997d13d8eca5467c4ce97fe69c
[2026-06-02 07:46:25Z INFO Listener] Culture: 
[2026-06-02 07:46:25Z INFO Listener] UI Culture: 
[2026-06-02 07:46:25Z INFO HostContext] Well known directory 'Bin': '/home/ubuntu/flaskapp/address/bin'
[2026-06-02 07:46:25Z INFO HostContext] Well known directory 'Root': '/home/ubuntu/flaskapp/address'
[2026-06-02 07:46:25Z INFO Listener] Validating directory permissions for: '/home/ubuntu/flaskapp/address'
[2026-06-02 07:46:25Z INFO CommandLineParser] Parse
[2026-06-02 07:46:25Z INFO CommandLineParser] Parsing 3 args
[2026-06-02 07:46:25Z INFO CommandLineParser] parsing argument
[2026-06-02 07:46:25Z INFO CommandLineParser] HasArgs: False
[2026-06-02 07:46:25Z INFO CommandLineParser] Adding Command: run
[2026-06-02 07:46:25Z INFO CommandLineParser] parsing argument
[2026-06-02 07:46:25Z INFO CommandLineParser] HasArgs: True
[2026-06-02 07:46:25Z INFO CommandLineParser] arg: startuptype
[2026-06-02 07:46:25Z INFO CommandLineParser] parsing argument
[2026-06-02 07:46:25Z INFO CommandLineParser] HasArgs: True
[2026-06-02 07:46:25Z INFO CommandLineParser] Adding option 'startuptype': 'service'
[2026-06-02 07:46:25Z INFO Listener] Arguments parsed
[2026-06-02 07:46:25Z INFO Runner] ExecuteCommand
[2026-06-02 07:46:25Z INFO ConfigurationStore] currentAssemblyLocation: /home/ubuntu/flaskapp/address/bin/Runner.Listener.dll
[2026-06-02 07:46:25Z INFO HostContext] Well known directory 'Bin': '/home/ubuntu/flaskapp/address/bin'
[2026-06-02 07:46:25Z INFO ConfigurationStore] binPath: /home/ubuntu/flaskapp/address/bin
[2026-06-02 07:46:25Z INFO HostContext] Well known directory 'Bin': '/home/ubuntu/flaskapp/address/bin'
[2026-06-02 07:46:25Z INFO HostContext] Well known directory 'Root': '/home/ubuntu/flaskapp/address'
[2026-06-02 07:46:25Z INFO ConfigurationStore] RootFolder: /home/ubuntu/flaskapp/address
[2026-06-02 07:46:25Z INFO HostContext] Well known directory 'Bin': '/home/ubuntu/flaskapp/address/bin'
[2026-06-02 07:46:25Z INFO HostContext] Well known directory 'Root': '/home/ubuntu/flaskapp/address'
[2026-06-02 07:46:25Z INFO HostContext] Well known config file 'Runner': '/home/ubuntu/flaskapp/address/.runner'
[2026-06-02 07:46:25Z INFO ConfigurationStore] ConfigFilePath: /home/ubuntu/flaskapp/address/.runner
[2026-06-02 07:46:25Z INFO HostContext] Well known directory 'Bin': '/home/ubuntu/flaskapp/address/bin'
[2026-06-02 07:46:25Z INFO HostContext] Well known directory 'Root': '/home/ubuntu/flaskapp/address'
[2026-06-02 07:46:25Z INFO HostContext] Well known config file 'MigratedRunner': '/home/ubuntu/flaskapp/address/.runner_migrated'
[2026-06-02 07:46:25Z INFO ConfigurationStore] MigratedConfigFilePath: /home/ubuntu/flaskapp/address/.runner_migrated
[2026-06-02 07:46:25Z INFO HostContext] Well known directory 'Bin': '/home/ubuntu/flaskapp/address/bin'
[2026-06-02 07:46:25Z INFO HostContext] Well known directory 'Root': '/home/ubuntu/flaskapp/address'
[2026-06-02 07:46:25Z INFO HostContext] Well known config file 'Credentials': '/home/ubuntu/flaskapp/address/.credentials'
[2026-06-02 07:46:25Z INFO ConfigurationStore] CredFilePath: /home/ubuntu/flaskapp/address/.credentials
[2026-06-02 07:46:25Z INFO HostContext] Well known directory 'Bin': '/home/ubuntu/flaskapp/address/bin'
[2026-06-02 07:46:25Z INFO HostContext] Well known directory 'Root': '/home/ubuntu/flaskapp/address'
[2026-06-02 07:46:25Z INFO HostContext] Well known config file 'MigratedCredentials': '/home/ubuntu/flaskapp/address/.credentials_migrated'
[2026-06-02 07:46:25Z INFO ConfigurationStore] MigratedCredFilePath: /home/ubuntu/flaskapp/address/.credentials_migrated
[2026-06-02 07:46:25Z INFO HostContext] Well known directory 'Bin': '/home/ubuntu/flaskapp/address/bin'
[2026-06-02 07:46:25Z INFO HostContext] Well known directory 'Root': '/home/ubuntu/flaskapp/address'
[2026-06-02 07:46:25Z INFO HostContext] Well known config file 'Service': '/home/ubuntu/flaskapp/address/.service'
[2026-06-02 07:46:25Z INFO ConfigurationStore] ServiceConfigFilePath: /home/ubuntu/flaskapp/address/.service
[2026-06-02 07:46:25Z INFO CommandSettings] Flag 'help': 'False'
[2026-06-02 07:46:25Z INFO CommandSettings] Flag 'version': 'False'
[2026-06-02 07:46:25Z INFO CommandSettings] Flag 'commit': 'False'
[2026-06-02 07:46:25Z INFO CommandSettings] Flag 'check': 'False'
[2026-06-02 07:46:25Z INFO CommandSettings] Command 'configure': 'False'
[2026-06-02 07:46:25Z INFO CommandSettings] Command 'remove': 'False'
[2026-06-02 07:46:25Z INFO CommandSettings] Command 'warmup': 'False'
[2026-06-02 07:46:25Z INFO ConfigurationManager] LoadSettings
[2026-06-02 07:46:25Z INFO ConfigurationStore] IsConfigured()
[2026-06-02 07:46:25Z INFO ConfigurationStore] IsConfigured: True
[2026-06-02 07:46:25Z INFO ConfigurationManager] Is configured: True
[2026-06-02 07:46:25Z INFO ConfigurationStore] Read setting file: 380 chars
[2026-06-02 07:46:25Z INFO ConfigurationManager] Settings Loaded
[2026-06-02 07:46:25Z INFO ConfigurationStore] IsServiceConfigured()
[2026-06-02 07:46:25Z INFO ConfigurationStore] IsServiceConfigured: True
[2026-06-02 07:46:25Z INFO CommandSettings] Command 'run': 'True'
[2026-06-02 07:46:25Z INFO ConfigurationStore] IsConfigured()
[2026-06-02 07:46:25Z INFO ConfigurationStore] IsConfigured: True
[2026-06-02 07:46:25Z INFO ConfigurationManager] Is configured: True
[2026-06-02 07:46:25Z INFO Runner] Set runner startup type - Service
[2026-06-02 07:46:25Z INFO CommandSettings] Flag 'once': 'False'
[2026-06-02 07:46:25Z INFO CommandSettings] Flag 'once': 'False'
[2026-06-02 07:46:25Z INFO Runner] RunAsync
[2026-06-02 07:46:25Z INFO HostContext] Well known directory 'Bin': '/home/ubuntu/flaskapp/address/bin'
[2026-06-02 07:46:25Z INFO HostContext] Well known directory 'Root': '/home/ubuntu/flaskapp/address'
[2026-06-02 07:46:25Z INFO HostContext] Well known directory 'Work': '/home/ubuntu/flaskapp/address/_work'
[2026-06-02 07:46:25Z INFO Runner] Validating directory permissions for: '/home/ubuntu/flaskapp/address/_work'
[2026-06-02 07:46:25Z INFO ConfigurationManager] LoadMigratedSettings
[2026-06-02 07:46:25Z INFO ConfigurationStore] IsMigratedConfigured()
[2026-06-02 07:46:25Z INFO ConfigurationStore] IsMigratedConfigured: False
[2026-06-02 07:46:25Z INFO Runner] Failed to load migrated settings: No migrated configuration found.
[2026-06-02 07:46:25Z INFO Runner] Falling back to original .runner settings
[2026-06-02 07:46:25Z INFO Runner] Using BrokerMessageListener
[2026-06-02 07:46:25Z INFO BrokerMessageListener] Using provided settings
[2026-06-02 07:46:25Z INFO BrokerMessageListener] {
  "AgentId": 2,
  "AgentName": "Win11-01",
  "PoolId": 1,
  "PoolName": "Default",
  "ServerUrl": "https://pipelinesghubeus10.actions.githubusercontent.com/xT0X0pjeoRXPUNJYiiEAElzGNJ71JRM0dQhqmLQLonKePyKXL8/",
  "GitHubUrl": "https://github.com/taeyeon349/address",
  "WorkFolder": "_work",
  "UseV2Flow": true,
  "ServerUrlV2": "https://broker.actions.githubusercontent.com/"
}
[2026-06-02 07:46:25Z INFO BrokerMessageListener] Loading Credentials
[2026-06-02 07:46:25Z INFO ConfigurationStore] HasCredentials()
[2026-06-02 07:46:25Z INFO ConfigurationStore] stored True
[2026-06-02 07:46:25Z INFO CredentialManager] GetCredentialProvider
[2026-06-02 07:46:25Z INFO CredentialManager] Creating type OAuth
[2026-06-02 07:46:25Z INFO CredentialManager] Creating credential type: OAuth
[2026-06-02 07:46:25Z INFO HostContext] Well known directory 'Bin': '/home/ubuntu/flaskapp/address/bin'
[2026-06-02 07:46:25Z INFO HostContext] Well known directory 'Root': '/home/ubuntu/flaskapp/address'
[2026-06-02 07:46:25Z INFO HostContext] Well known config file 'RSACredentials': '/home/ubuntu/flaskapp/address/.credentials_rsaparams'
[2026-06-02 07:46:25Z INFO RSAFileKeyManager] Loading RSA key parameters from file /home/ubuntu/flaskapp/address/.credentials_rsaparams
[2026-06-02 07:46:25Z INFO BrokerMessageListener] Attempt to create session.
[2026-06-02 07:46:25Z INFO BrokerMessageListener] Connecting to the Broker Server...
[2026-06-02 07:46:25Z INFO ConfigurationStore] HasCredentials()
[2026-06-02 07:46:25Z INFO ConfigurationStore] stored True
[2026-06-02 07:46:25Z INFO CredentialManager] GetCredentialProvider
[2026-06-02 07:46:25Z INFO CredentialManager] Creating type OAuth
[2026-06-02 07:46:25Z INFO CredentialManager] Creating credential type: OAuth
[2026-06-02 07:46:25Z INFO RSAFileKeyManager] Loading RSA key parameters from file /home/ubuntu/flaskapp/address/.credentials_rsaparams
[2026-06-02 07:46:25Z INFO BrokerMessageListener] VssConnection created
[2026-06-02 07:46:25Z INFO BrokerMessageListener] Connecting to the Runner server...
[2026-06-02 07:46:25Z INFO RunnerServer] EstablishVssConnection
[2026-06-02 07:46:25Z INFO RunnerServer] Establish connection with 100 seconds timeout.
[2026-06-02 07:46:25Z INFO GitHubActionsService] Starting operation Location.GetConnectionData
[2026-06-02 07:46:25Z INFO RunnerServer] EstablishVssConnection
[2026-06-02 07:46:25Z INFO RunnerServer] Establish connection with 60 seconds timeout.
[2026-06-02 07:46:25Z INFO GitHubActionsService] Starting operation Location.GetConnectionData
[2026-06-02 07:46:25Z INFO RunnerServer] EstablishVssConnection
[2026-06-02 07:46:25Z INFO RunnerServer] Establish connection with 60 seconds timeout.
[2026-06-02 07:46:25Z INFO GitHubActionsService] Starting operation Location.GetConnectionData
[2026-06-02 07:46:27Z INFO GitHubActionsService] Finished operation Location.GetConnectionData
[2026-06-02 07:46:27Z INFO GitHubActionsService] Finished operation Location.GetConnectionData
[2026-06-02 07:46:27Z INFO GitHubActionsService] Finished operation Location.GetConnectionData
[2026-06-02 07:46:27Z INFO BrokerMessageListener] VssConnection created
[2026-06-02 07:46:27Z INFO Terminal] WRITE LINE: 
[2026-06-02 07:46:27Z INFO Terminal] WRITE LINE: 
[2026-06-02 07:46:27Z INFO RSAFileKeyManager] Loading RSA key parameters from file /home/ubuntu/flaskapp/address/.credentials_rsaparams
[2026-06-02 07:46:27Z INFO RSAFileKeyManager] Loading RSA key parameters from file /home/ubuntu/flaskapp/address/.credentials_rsaparams
[2026-06-02 07:46:28Z INFO GitHubActionsService] AAD Correlation ID for this token request: Unknown
[2026-06-02 07:46:29Z INFO BrokerMessageListener] Session created.
[2026-06-02 07:46:29Z INFO Terminal] WRITE LINE: Current runner version: '2.334.0'
[2026-06-02 07:46:29Z INFO Terminal] WRITE LINE: 2026-06-02 07:46:29Z: Listening for Jobs
[2026-06-02 07:46:29Z INFO JobDispatcher] Set runner/worker IPC timeout to 30 seconds.
