[2026-06-02 07:44:53Z INFO HostContext] No proxy settings were found based on environmental variables (http_proxy/https_proxy/HTTP_PROXY/HTTPS_PROXY)
[2026-06-02 07:44:53Z INFO HostContext] Well known directory 'Bin': '/home/ubuntu/flaskapp/address/bin'
[2026-06-02 07:44:53Z INFO HostContext] Well known directory 'Root': '/home/ubuntu/flaskapp/address'
[2026-06-02 07:44:53Z INFO HostContext] Well known config file 'Credentials': '/home/ubuntu/flaskapp/address/.credentials'
[2026-06-02 07:44:53Z INFO HostContext] Well known directory 'Bin': '/home/ubuntu/flaskapp/address/bin'
[2026-06-02 07:44:53Z INFO HostContext] Well known directory 'Root': '/home/ubuntu/flaskapp/address'
[2026-06-02 07:44:53Z INFO HostContext] Well known config file 'Runner': '/home/ubuntu/flaskapp/address/.runner'
[2026-06-02 07:44:53Z INFO Listener] Runner is built for Linux (X64) - linux-x64.
[2026-06-02 07:44:53Z INFO Listener] RuntimeInformation: Ubuntu 24.04.4 LTS.
[2026-06-02 07:44:53Z INFO Listener] Version: 2.334.0
[2026-06-02 07:44:53Z INFO Listener] Commit: f1995ede5d885c997d13d8eca5467c4ce97fe69c
[2026-06-02 07:44:53Z INFO Listener] Culture: 
[2026-06-02 07:44:53Z INFO Listener] UI Culture: 
[2026-06-02 07:44:53Z INFO HostContext] Well known directory 'Bin': '/home/ubuntu/flaskapp/address/bin'
[2026-06-02 07:44:53Z INFO HostContext] Well known directory 'Root': '/home/ubuntu/flaskapp/address'
[2026-06-02 07:44:53Z INFO Listener] Validating directory permissions for: '/home/ubuntu/flaskapp/address'
[2026-06-02 07:44:53Z INFO CommandLineParser] Parse
[2026-06-02 07:44:53Z INFO CommandLineParser] Parsing 5 args
[2026-06-02 07:44:53Z INFO CommandLineParser] parsing argument
[2026-06-02 07:44:53Z INFO CommandLineParser] HasArgs: False
[2026-06-02 07:44:53Z INFO CommandLineParser] Adding Command: configure
[2026-06-02 07:44:53Z INFO CommandLineParser] parsing argument
[2026-06-02 07:44:53Z INFO CommandLineParser] HasArgs: True
[2026-06-02 07:44:53Z INFO CommandLineParser] arg: url
[2026-06-02 07:44:53Z INFO CommandLineParser] parsing argument
[2026-06-02 07:44:53Z INFO CommandLineParser] HasArgs: True
[2026-06-02 07:44:53Z INFO CommandLineParser] Adding option 'url': 'https://github.com/taeyeon349/address'
[2026-06-02 07:44:53Z INFO CommandLineParser] parsing argument
[2026-06-02 07:44:53Z INFO CommandLineParser] HasArgs: True
[2026-06-02 07:44:53Z INFO CommandLineParser] arg: token
[2026-06-02 07:44:53Z INFO CommandLineParser] parsing argument
[2026-06-02 07:44:53Z INFO CommandLineParser] HasArgs: True
[2026-06-02 07:44:53Z INFO CommandLineParser] Adding option 'token': '***'
[2026-06-02 07:44:53Z INFO Listener] Arguments parsed
[2026-06-02 07:44:53Z INFO Runner] ExecuteCommand
[2026-06-02 07:44:53Z INFO ConfigurationStore] currentAssemblyLocation: /home/ubuntu/flaskapp/address/bin/Runner.Listener.dll
[2026-06-02 07:44:53Z INFO HostContext] Well known directory 'Bin': '/home/ubuntu/flaskapp/address/bin'
[2026-06-02 07:44:53Z INFO ConfigurationStore] binPath: /home/ubuntu/flaskapp/address/bin
[2026-06-02 07:44:53Z INFO HostContext] Well known directory 'Bin': '/home/ubuntu/flaskapp/address/bin'
[2026-06-02 07:44:53Z INFO HostContext] Well known directory 'Root': '/home/ubuntu/flaskapp/address'
[2026-06-02 07:44:53Z INFO ConfigurationStore] RootFolder: /home/ubuntu/flaskapp/address
[2026-06-02 07:44:53Z INFO HostContext] Well known directory 'Bin': '/home/ubuntu/flaskapp/address/bin'
[2026-06-02 07:44:53Z INFO HostContext] Well known directory 'Root': '/home/ubuntu/flaskapp/address'
[2026-06-02 07:44:53Z INFO HostContext] Well known config file 'Runner': '/home/ubuntu/flaskapp/address/.runner'
[2026-06-02 07:44:53Z INFO ConfigurationStore] ConfigFilePath: /home/ubuntu/flaskapp/address/.runner
[2026-06-02 07:44:53Z INFO HostContext] Well known directory 'Bin': '/home/ubuntu/flaskapp/address/bin'
[2026-06-02 07:44:53Z INFO HostContext] Well known directory 'Root': '/home/ubuntu/flaskapp/address'
[2026-06-02 07:44:53Z INFO HostContext] Well known config file 'MigratedRunner': '/home/ubuntu/flaskapp/address/.runner_migrated'
[2026-06-02 07:44:53Z INFO ConfigurationStore] MigratedConfigFilePath: /home/ubuntu/flaskapp/address/.runner_migrated
[2026-06-02 07:44:53Z INFO HostContext] Well known directory 'Bin': '/home/ubuntu/flaskapp/address/bin'
[2026-06-02 07:44:53Z INFO HostContext] Well known directory 'Root': '/home/ubuntu/flaskapp/address'
[2026-06-02 07:44:53Z INFO HostContext] Well known config file 'Credentials': '/home/ubuntu/flaskapp/address/.credentials'
[2026-06-02 07:44:53Z INFO ConfigurationStore] CredFilePath: /home/ubuntu/flaskapp/address/.credentials
[2026-06-02 07:44:53Z INFO HostContext] Well known directory 'Bin': '/home/ubuntu/flaskapp/address/bin'
[2026-06-02 07:44:53Z INFO HostContext] Well known directory 'Root': '/home/ubuntu/flaskapp/address'
[2026-06-02 07:44:53Z INFO HostContext] Well known config file 'MigratedCredentials': '/home/ubuntu/flaskapp/address/.credentials_migrated'
[2026-06-02 07:44:53Z INFO ConfigurationStore] MigratedCredFilePath: /home/ubuntu/flaskapp/address/.credentials_migrated
[2026-06-02 07:44:53Z INFO HostContext] Well known directory 'Bin': '/home/ubuntu/flaskapp/address/bin'
[2026-06-02 07:44:53Z INFO HostContext] Well known directory 'Root': '/home/ubuntu/flaskapp/address'
[2026-06-02 07:44:53Z INFO HostContext] Well known config file 'Service': '/home/ubuntu/flaskapp/address/.service'
[2026-06-02 07:44:53Z INFO ConfigurationStore] ServiceConfigFilePath: /home/ubuntu/flaskapp/address/.service
[2026-06-02 07:44:53Z INFO CommandSettings] Flag 'help': 'False'
[2026-06-02 07:44:53Z INFO CommandSettings] Flag 'version': 'False'
[2026-06-02 07:44:53Z INFO CommandSettings] Flag 'commit': 'False'
[2026-06-02 07:44:53Z INFO CommandSettings] Flag 'check': 'False'
[2026-06-02 07:44:53Z INFO CommandSettings] Command 'configure': 'True'
[2026-06-02 07:44:53Z INFO Terminal] WRITE LINE: 
[2026-06-02 07:44:53Z INFO Terminal] WRITE LINE: --------------------------------------------------------------------------------
[2026-06-02 07:44:53Z INFO Terminal] WRITE LINE: |        ____ _ _   _   _       _          _        _   _                      |
[2026-06-02 07:44:53Z INFO Terminal] WRITE LINE: |       / ___(_) |_| | | |_   _| |__      / \   ___| |_(_) ___  _ __  ___      |
[2026-06-02 07:44:53Z INFO Terminal] WRITE LINE: |      | |  _| | __| |_| | | | | '_ \    / _ \ / __| __| |/ _ \| '_ \/ __|     |
[2026-06-02 07:44:53Z INFO Terminal] WRITE LINE: |      | |_| | | |_|  _  | |_| | |_) |  / ___ \ (__| |_| | (_) | | | \__ \     |
[2026-06-02 07:44:53Z INFO Terminal] WRITE LINE: |       \____|_|\__|_| |_|\__,_|_.__/  /_/   \_\___|\__|_|\___/|_| |_|___/     |
[2026-06-02 07:44:53Z INFO Terminal] WRITE LINE: |                                                                              |
[2026-06-02 07:44:53Z INFO Terminal] WRITE: |                       
[2026-06-02 07:44:53Z INFO Terminal] WRITE: Self-hosted runner registration
[2026-06-02 07:44:53Z INFO Terminal] WRITE LINE:                         |
[2026-06-02 07:44:53Z INFO Terminal] WRITE LINE: |                                                                              |
[2026-06-02 07:44:53Z INFO Terminal] WRITE LINE: --------------------------------------------------------------------------------
[2026-06-02 07:44:53Z INFO ConfigurationManager] ConfigureAsync
[2026-06-02 07:44:53Z INFO CommandSettings] Flag 'generateServiceConfig': 'False'
[2026-06-02 07:44:53Z INFO ConfigurationStore] IsConfigured()
[2026-06-02 07:44:53Z INFO ConfigurationStore] IsConfigured: False
[2026-06-02 07:44:53Z INFO ConfigurationManager] Is configured: False
[2026-06-02 07:44:53Z INFO CommandSettings] Arg 'url': 'https://github.com/taeyeon349/address'
[2026-06-02 07:44:53Z INFO CommandSettings] Remove url from Arg dictionary.
[2026-06-02 07:44:53Z INFO CommandSettings] Arg 'token': '***'
[2026-06-02 07:44:53Z INFO CommandSettings] Remove token from Arg dictionary.
[2026-06-02 07:44:53Z ERR  Terminal] WRITE ERROR: Http response code: NotFound from 'POST https://api.github.com/actions/runner-registration' (Request Id: 22EA:213A0F:307F11C:39004C4:6A1E89F5)
[2026-06-02 07:44:53Z ERR  Terminal] WRITE ERROR: {"message":"Not Found","documentation_url":"https://docs.github.com/rest","status":"404"}
[2026-06-02 07:44:53Z ERR  Runner] System.Net.Http.HttpRequestException: Response status code does not indicate success: 404 (Not Found).
   at System.Net.Http.HttpResponseMessage.EnsureSuccessStatusCode()
   at GitHub.Runner.Listener.Configuration.ConfigurationManager.GetTenantCredential(String githubUrl, String githubToken, String runnerEvent)
   at GitHub.Runner.Listener.Configuration.ConfigurationManager.ConfigureAsync(CommandSettings command)
   at GitHub.Runner.Listener.Runner.ExecuteCommand(CommandSettings command)
[2026-06-02 07:44:53Z ERR  Terminal] WRITE ERROR: Response status code does not indicate success: 404 (Not Found).
[2026-06-02 07:44:53Z INFO Listener] Runner execution has finished with return code 1
