[2026-06-02 07:58:02Z INFO HostContext] No proxy settings were found based on environmental variables (http_proxy/https_proxy/HTTP_PROXY/HTTPS_PROXY)
[2026-06-02 07:58:02Z INFO HostContext] Well known directory 'Bin': '/home/ubuntu/flaskapp/address/bin'
[2026-06-02 07:58:02Z INFO HostContext] Well known directory 'Root': '/home/ubuntu/flaskapp/address'
[2026-06-02 07:58:02Z INFO HostContext] Well known config file 'Credentials': '/home/ubuntu/flaskapp/address/.credentials'
[2026-06-02 07:58:02Z INFO HostContext] Well known directory 'Bin': '/home/ubuntu/flaskapp/address/bin'
[2026-06-02 07:58:02Z INFO HostContext] Well known directory 'Root': '/home/ubuntu/flaskapp/address'
[2026-06-02 07:58:02Z INFO HostContext] Well known config file 'Runner': '/home/ubuntu/flaskapp/address/.runner'
[2026-06-02 07:58:02Z INFO Worker] Version: 2.334.0
[2026-06-02 07:58:02Z INFO Worker] Commit: f1995ede5d885c997d13d8eca5467c4ce97fe69c
[2026-06-02 07:58:02Z INFO Worker] Culture: 
[2026-06-02 07:58:02Z INFO Worker] UI Culture: 
[2026-06-02 07:58:02Z INFO Worker] Waiting to receive the job message from the channel.
[2026-06-02 07:58:02Z INFO ProcessChannel] Receiving message of length 21313, with hash '6463b4331311d34808b1401401a1d36cfb5cf43a7947fbcea49b624b57d22403'
[2026-06-02 07:58:02Z INFO Worker] Message received.
[2026-06-02 07:58:02Z INFO Worker] Job message:
 {
  "fileTable": [
    ".github/workflows/deploy.yml"
  ],
  "mask": [
    {
      "type": "regex",
      "value": "***"
    },
    {
      "type": "regex",
      "value": "***"
    },
    {
      "type": "regex",
      "value": "***"
    },
    {
      "type": "regex",
      "value": "***"
    },
    {
      "type": "regex",
      "value": "***"
    },
    {
      "type": "regex",
      "value": "***"
    },
    {
      "type": "regex",
      "value": "***"
    },
    {
      "type": "regex",
      "value": "***"
    },
    {
      "type": "regex",
      "value": "***"
    },
    {
      "type": "regex",
      "value": "***"
    },
    {
      "type": "regex",
      "value": "***"
    },
    {
      "type": "regex",
      "value": "***"
    },
    {
      "type": "regex",
      "value": "***"
    },
    {
      "type": "regex",
      "value": "***"
    },
    {
      "type": "regex",
      "value": "***"
    },
    {
      "type": "regex",
      "value": "***"
    },
    {
      "type": "regex",
      "value": "***"
    },
    {
      "type": "regex",
      "value": "***"
    },
    {
      "type": "regex",
      "value": "***"
    },
    {
      "type": "regex",
      "value": "***"
    },
    {
      "type": "regex",
      "value": "***"
    },
    {
      "type": "regex",
      "value": "***"
    },
    {
      "type": "regex",
      "value": "***"
    },
    {
      "type": "regex",
      "value": "***"
    }
  ],
  "steps": [
    {
      "type": "action",
      "reference": {
        "type": "script"
      },
      "displayNameToken": {
        "type": 0,
        "file": 1,
        "line": 13,
        "col": 15,
        "lit": "Execute Deploy Script"
      },
      "contextName": "__run",
      "inputs": {
        "type": 2,
        "map": [
          {
            "key": "script",
            "value": {
              "type": 0,
              "file": 1,
              "line": 14,
              "col": 14,
              "lit": "# 💡 내 WSL 실제 경로로 정확히 이동\ncd ~/flaskapp/address\ngit fetch origin main\ngit reset --hard origin/main\ncd ~/flaskapp            \n\n# 💡 내 docker-compose.yml에 적힌 정확한 서비스명 'was-host3'로 재시작!\ndocker-compose restart was-host3"
            }
          }
        ]
      },
      "condition": "success()",
      "id": "c7d5a047-884b-40ca-af3b-22e5576d53a5",
      "name": "__run"
    }
  ],
  "variables": {
    "Actions.EnableHttpRedirects": {
      "value": "true"
    },
    "DistributedTask.AddWarningToNode12Action": {
      "value": "true"
    },
    "DistributedTask.AddWarningToNode16Action": {
      "value": "true"
    },
    "DistributedTask.AllowRunnerContainerHooks": {
      "value": "true"
    },
    "DistributedTask.DeprecateStepOutputCommands": {
      "value": "true"
    },
    "DistributedTask.DetailUntarFailure": {
      "value": "true"
    },
    "DistributedTask.EnableCompositeActions": {
      "value": "true"
    },
    "DistributedTask.EnableJobServerQueueTelemetry": {
      "value": "true"
    },
    "DistributedTask.EnhancedAnnotations": {
      "value": "true"
    },
    "DistributedTask.ForceGithubJavascriptActionsToNode16": {
      "value": "true"
    },
    "DistributedTask.ForceGithubJavascriptActionsToNode20": {
      "value": "true"
    },
    "DistributedTask.LogTemplateErrorsAsDebugMessages": {
      "value": "true"
    },
    "DistributedTask.MarkJobAsFailedOnWorkerCrash": {
      "value": "true"
    },
    "DistributedTask.NewActionMetadata": {
      "value": "true"
    },
    "DistributedTask.UploadStepSummary": {
      "value": "true"
    },
    "DistributedTask.UseActionArchiveCache": {
      "value": "true"
    },
    "DistributedTask.UseWhich2": {
      "value": "true"
    },
    "RunService.FixEmbeddedIssues": {
      "value": "true"
    },
    "actions.runner.requirenode24": {
      "value": "false"
    },
    "actions.runner.usenode24bydefault": {
      "value": "false"
    },
    "actions.runner.warnonnode20": {
      "value": "true"
    },
    "actions_add_check_run_id_to_job_context": {
      "value": "true"
    },
    "actions_batch_action_resolution": {
      "value": "false"
    },
    "actions_container_action_runner_temp": {
      "value": "true"
    },
    "actions_display_helpful_actions_download_errors": {
      "value": "true"
    },
    "actions_runner_compare_workflow_parser": {
      "value": "false"
    },
    "actions_runner_deprecate_linux_arm32": {
      "value": "false"
    },
    "actions_runner_emit_composite_markers": {
      "value": "false"
    },
    "actions_runner_kill_linux_arm32": {
      "value": "false"
    },
    "actions_runner_node20_removal_date": {
      "value": ""
    },
    "actions_runner_node24_default_date": {
      "value": "June 16th, 2026"
    },
    "actions_service_container_command": {
      "value": "true"
    },
    "actions_set_orchestration_id_env_for_actions": {
      "value": "true"
    },
    "actions_skip_retry_complete_job_upon_known_errors": {
      "value": "true"
    },
    "actions_snapshot_preflight_hosted_runner_check": {
      "value": "false"
    },
    "actions_snapshot_preflight_image_gen_pool_check": {
      "value": "false"
    },
    "actions_use_bearer_token_for_codeload": {
      "value": "false"
    },
    "actions_uses_cache_service_v2": {
      "value": "true"
    },
    "github_token": {
      "value": "***",
      "isSecret": true
    },
    "system.from_run_service": {
      "value": "true"
    },
    "system.github.job": {
      "value": "deploy"
    },
    "system.github.launch_endpoint": {
      "value": "https://launch.actions.githubusercontent.com"
    },
    "system.github.results_endpoint": {
      "value": "https://results-receiver.actions.githubusercontent.com/"
    },
    "system.github.results_upload_with_sdk": {
      "value": "true"
    },
    "system.github.token": {
      "value": "***",
      "isSecret": true
    },
    "system.github.token.permissions": {
      "value": "{\"Contents\":\"read\",\"Metadata\":\"read\",\"Packages\":\"read\"}"
    },
    "system.orchestrationId": {
      "value": "c7859933-b331-48ae-859b-553bbbace3ee.deploy.__default"
    },
    "system.phaseDisplayName": {
      "value": "deploy"
    },
    "system.runner.lowdiskspacethreshold": {
      "value": "100"
    },
    "system.runnerEnvironment": {
      "value": "self-hosted"
    },
    "system.runnerGroupName": {
      "value": "Default"
    }
  },
  "messageType": "RunnerJobRequest",
  "plan": {
    "scopeIdentifier": "00000000-0000-0000-0000-000000000000",
    "planType": "actions",
    "version": 0,
    "planId": "c7859933-b331-48ae-859b-553bbbace3ee",
    "planGroup": null,
    "artifactUri": null,
    "artifactLocation": null,
    "definition": null,
    "owner": null
  },
  "timeline": {
    "id": "c7859933-b331-48ae-859b-553bbbace3ee",
    "changeId": 0,
    "location": null
  },
  "jobId": "df0b2778-29a6-5cf8-81f8-d819114e6601",
  "jobDisplayName": "deploy",
  "jobName": "__default",
  "requestId": 0,
  "lockedUntil": "0001-01-01T00:00:00",
  "resources": {
    "endpoints": [
      {
        "data": {
          "ServerId": "",
          "ServerName": "",
          "CacheServerUrl": "https://artifactcache.actions.githubusercontent.com/xT0X0pjeoRXPUNJYiiEAElzGNJ71JRM0dQhqmLQLonKePyKXL8/",
          "FeedStreamUrl": "wss://results-receiver.actions.githubusercontent.com/_ws/ingest.sock",
          "ResultsServiceUrl": "https://results-receiver.actions.githubusercontent.com/",
          "PipelinesServiceUrl": "https://pipelinesghubeus10.actions.githubusercontent.com/xT0X0pjeoRXPUNJYiiEAElzGNJ71JRM0dQhqmLQLonKePyKXL8/",
          "GenerateIdTokenUrl": "",
          "ConnectivityChecks": "[\"https://broker.actions.githubusercontent.com/health\",\"https://token.actions.githubusercontent.com/ready\",\"https://run.actions.githubusercontent.com/health\"]"
        },
        "name": "SystemVssConnection",
        "url": "https://run-actions-2-azure-eastus.actions.githubusercontent.com/142/",
        "authorization": {
          "parameters": {
            "AccessToken": "***"
          },
          "scheme": "OAuth"
        },
        "isShared": false,
        "isReady": true
      }
    ]
  },
  "contextData": {
    "github": {
      "t": 2,
      "d": [
        {
          "k": "ref",
          "v": "refs/heads/main"
        },
        {
          "k": "sha",
          "v": "59b7dd4a1071912328e731c445b3c29ec4288998"
        },
        {
          "k": "repository",
          "v": "taeyeon349/address"
        },
        {
          "k": "repository_owner",
          "v": "taeyeon349"
        },
        {
          "k": "repository_owner_id",
          "v": "203577690"
        },
        {
          "k": "repositoryUrl",
          "v": "git://github.com/taeyeon349/address.git"
        },
        {
          "k": "run_id",
          "v": "26806523583"
        },
        {
          "k": "run_number",
          "v": "6"
        },
        {
          "k": "retention_days",
          "v": "90"
        },
        {
          "k": "run_attempt",
          "v": "1"
        },
        {
          "k": "artifact_cache_size_limit",
          "v": "10"
        },
        {
          "k": "repository_visibility",
          "v": "public"
        },
        {
          "k": "actor_id",
          "v": "203577690"
        },
        {
          "k": "actor",
          "v": "taeyeon349"
        },
        {
          "k": "workflow",
          "v": "Deploy to Server (Self-hosted Runner)"
        },
        {
          "k": "head_ref",
          "v": ""
        },
        {
          "k": "base_ref",
          "v": ""
        },
        {
          "k": "event_name",
          "v": "push"
        },
        {
          "k": "server_url",
          "v": "https://github.com"
        },
        {
          "k": "api_url",
          "v": "https://api.github.com"
        },
        {
          "k": "graphql_url",
          "v": "https://api.github.com/graphql"
        },
        {
          "k": "ref_name",
          "v": "main"
        },
        {
          "k": "ref_protected",
          "v": false
        },
        {
          "k": "ref_type",
          "v": "branch"
        },
        {
          "k": "secret_source",
          "v": "Actions"
        },
        {
          "k": "event",
          "v": {
            "t": 2,
            "d": [
              {
                "k": "after",
                "v": "59b7dd4a1071912328e731c445b3c29ec4288998"
              },
              {
                "k": "base_ref",
                "v": null
              },
              {
                "k": "before",
                "v": "43bcf93f5774ac8d32d618f8dfc1dafd37cf12dc"
              },
              {
                "k": "commits",
                "v": {
                  "t": 1,
                  "a": [
                    {
                      "t": 2,
                      "d": [
                        {
                          "k": "author",
                          "v": {
                            "t": 2,
                            "d": [
                              {
                                "k": "email",
                                "v": "justforgpt01@gmail.com"
                              },
                              {
                                "k": "name",
                                "v": "taeyeon349"
                              },
                              {
                                "k": "username",
                                "v": "taeyeon349"
                              }
                            ]
                          }
                        },
                        {
                          "k": "committer",
                          "v": {
                            "t": 2,
                            "d": [
                              {
                                "k": "email",
                                "v": "justforgpt01@gmail.com"
                              },
                              {
                                "k": "name",
                                "v": "taeyeon349"
                              },
                              {
                                "k": "username",
                                "v": "taeyeon349"
                              }
                            ]
                          }
                        },
                        {
                          "k": "distinct",
                          "v": true
                        },
                        {
                          "k": "id",
                          "v": "59b7dd4a1071912328e731c445b3c29ec4288998"
                        },
                        {
                          "k": "message",
                          "v": "Fix: deploy.yml 수정 및 대형 파일 제외 세팅"
                        },
                        {
                          "k": "timestamp",
                          "v": "2026-06-02T16:57:46+09:00"
                        },
                        {
                          "k": "tree_id",
                          "v": "b31494e85771314a30711489f41c48e2942eb04e"
                        },
                        {
                          "k": "url",
                          "v": "https://github.com/taeyeon349/address/commit/59b7dd4a1071912328e731c445b3c29ec4288998"
                        }
                      ]
                    }
                  ]
                }
              },
              {
                "k": "compare",
                "v": "https://github.com/taeyeon349/address/compare/43bcf93f5774...59b7dd4a1071"
              },
              {
                "k": "created",
                "v": false
              },
              {
                "k": "deleted",
                "v": false
              },
              {
                "k": "forced",
                "v": false
              },
              {
                "k": "head_commit",
                "v": {
                  "t": 2,
                  "d": [
                    {
                      "k": "author",
                      "v": {
                        "t": 2,
                        "d": [
                          {
                            "k": "email",
                            "v": "justforgpt01@gmail.com"
                          },
                          {
                            "k": "name",
                            "v": "taeyeon349"
                          },
                          {
                            "k": "username",
                            "v": "taeyeon349"
                          }
                        ]
                      }
                    },
                    {
                      "k": "committer",
                      "v": {
                        "t": 2,
                        "d": [
                          {
                            "k": "email",
                            "v": "justforgpt01@gmail.com"
                          },
                          {
                            "k": "name",
                            "v": "taeyeon349"
                          },
                          {
                            "k": "username",
                            "v": "taeyeon349"
                          }
                        ]
                      }
                    },
                    {
                      "k": "distinct",
                      "v": true
                    },
                    {
                      "k": "id",
                      "v": "59b7dd4a1071912328e731c445b3c29ec4288998"
                    },
                    {
                      "k": "message",
                      "v": "Fix: deploy.yml 수정 및 대형 파일 제외 세팅"
                    },
                    {
                      "k": "timestamp",
                      "v": "2026-06-02T16:57:46+09:00"
                    },
                    {
                      "k": "tree_id",
                      "v": "b31494e85771314a30711489f41c48e2942eb04e"
                    },
                    {
                      "k": "url",
                      "v": "https://github.com/taeyeon349/address/commit/59b7dd4a1071912328e731c445b3c29ec4288998"
                    }
                  ]
                }
              },
              {
                "k": "pusher",
                "v": {
                  "t": 2,
                  "d": [
                    {
                      "k": "email",
                      "v": "justforgpt01@gmail.com"
                    },
                    {
                      "k": "name",
                      "v": "taeyeon349"
                    }
                  ]
                }
              },
              {
                "k": "ref",
                "v": "refs/heads/main"
              },
              {
                "k": "repository",
                "v": {
                  "t": 2,
                  "d": [
                    {
                      "k": "allow_forking",
                      "v": true
                    },
                    {
                      "k": "archive_url",
                      "v": "https://api.github.com/repos/taeyeon349/address/{archive_format}{/ref}"
                    },
                    {
                      "k": "archived",
                      "v": false
                    },
                    {
                      "k": "assignees_url",
                      "v": "https://api.github.com/repos/taeyeon349/address/assignees{/user}"
                    },
                    {
                      "k": "blobs_url",
                      "v": "https://api.github.com/repos/taeyeon349/address/git/blobs{/sha}"
                    },
                    {
                      "k": "branches_url",
                      "v": "https://api.github.com/repos/taeyeon349/address/branches{/branch}"
                    },
                    {
                      "k": "clone_url",
                      "v": "https://github.com/taeyeon349/address.git"
                    },
                    {
                      "k": "collaborators_url",
                      "v": "https://api.github.com/repos/taeyeon349/address/collaborators{/collaborator}"
                    },
                    {
                      "k": "comments_url",
                      "v": "https://api.github.com/repos/taeyeon349/address/comments{/number}"
                    },
                    {
                      "k": "commits_url",
                      "v": "https://api.github.com/repos/taeyeon349/address/commits{/sha}"
                    },
                    {
                      "k": "compare_url",
                      "v": "https://api.github.com/repos/taeyeon349/address/compare/{base}...{head}"
                    },
                    {
                      "k": "contents_url",
                      "v": "https://api.github.com/repos/taeyeon349/address/contents/{+path}"
                    },
                    {
                      "k": "contributors_url",
                      "v": "https://api.github.com/repos/taeyeon349/address/contributors"
                    },
                    {
                      "k": "created_at",
                      "v": 1780368371.0
                    },
                    {
                      "k": "default_branch",
                      "v": "main"
                    },
                    {
                      "k": "deployments_url",
                      "v": "https://api.github.com/repos/taeyeon349/address/deployments"
                    },
                    {
                      "k": "description",
                      "v": null
                    },
                    {
                      "k": "disabled",
                      "v": false
                    },
                    {
                      "k": "downloads_url",
                      "v": "https://api.github.com/repos/taeyeon349/address/downloads"
                    },
                    {
                      "k": "events_url",
                      "v": "https://api.github.com/repos/taeyeon349/address/events"
                    },
                    {
                      "k": "fork",
                      "v": false
                    },
                    {
                      "k": "forks",
                      "v": 0.0
                    },
                    {
                      "k": "forks_count",
                      "v": 0.0
                    },
                    {
                      "k": "forks_url",
                      "v": "https://api.github.com/repos/taeyeon349/address/forks"
                    },
                    {
                      "k": "full_name",
                      "v": "taeyeon349/address"
                    },
                    {
                      "k": "git_commits_url",
                      "v": "https://api.github.com/repos/taeyeon349/address/git/commits{/sha}"
                    },
                    {
                      "k": "git_refs_url",
                      "v": "https://api.github.com/repos/taeyeon349/address/git/refs{/sha}"
                    },
                    {
                      "k": "git_tags_url",
                      "v": "https://api.github.com/repos/taeyeon349/address/git/tags{/sha}"
                    },
                    {
                      "k": "git_url",
                      "v": "git://github.com/taeyeon349/address.git"
                    },
                    {
                      "k": "has_discussions",
                      "v": false
                    },
                    {
                      "k": "has_downloads",
                      "v": true
                    },
                    {
                      "k": "has_issues",
                      "v": true
                    },
                    {
                      "k": "has_pages",
                      "v": false
                    },
                    {
                      "k": "has_projects",
                      "v": true
                    },
                    {
                      "k": "has_pull_requests",
                      "v": true
                    },
                    {
                      "k": "has_wiki",
                      "v": true
                    },
                    {
                      "k": "homepage",
                      "v": null
                    },
                    {
                      "k": "hooks_url",
                      "v": "https://api.github.com/repos/taeyeon349/address/hooks"
                    },
                    {
                      "k": "html_url",
                      "v": "https://github.com/taeyeon349/address"
                    },
                    {
                      "k": "id",
                      "v": 1256704811.0
                    },
                    {
                      "k": "is_template",
                      "v": false
                    },
                    {
                      "k": "issue_comment_url",
                      "v": "https://api.github.com/repos/taeyeon349/address/issues/comments{/number}"
                    },
                    {
                      "k": "issue_events_url",
                      "v": "https://api.github.com/repos/taeyeon349/address/issues/events{/number}"
                    },
                    {
                      "k": "issues_url",
                      "v": "https://api.github.com/repos/taeyeon349/address/issues{/number}"
                    },
                    {
                      "k": "keys_url",
                      "v": "https://api.github.com/repos/taeyeon349/address/keys{/key_id}"
                    },
                    {
                      "k": "labels_url",
                      "v": "https://api.github.com/repos/taeyeon349/address/labels{/name}"
                    },
                    {
                      "k": "language",
                      "v": "Python"
                    },
                    {
                      "k": "languages_url",
                      "v": "https://api.github.com/repos/taeyeon349/address/languages"
                    },
                    {
                      "k": "license",
                      "v": null
                    },
                    {
                      "k": "master_branch",
                      "v": "main"
                    },
                    {
                      "k": "merges_url",
                      "v": "https://api.github.com/repos/taeyeon349/address/merges"
                    },
                    {
                      "k": "milestones_url",
                      "v": "https://api.github.com/repos/taeyeon349/address/milestones{/number}"
                    },
                    {
                      "k": "mirror_url",
                      "v": null
                    },
                    {
                      "k": "name",
                      "v": "address"
                    },
                    {
                      "k": "node_id",
                      "v": "R_kgDOSufLKw"
                    },
                    {
                      "k": "notifications_url",
                      "v": "https://api.github.com/repos/taeyeon349/address/notifications{?since,all,participating}"
                    },
                    {
                      "k": "open_issues",
                      "v": 0.0
                    },
                    {
                      "k": "open_issues_count",
                      "v": 0.0
                    },
                    {
                      "k": "owner",
                      "v": {
                        "t": 2,
                        "d": [
                          {
                            "k": "avatar_url",
                            "v": "https://avatars.githubusercontent.com/u/203577690?v=4"
                          },
                          {
                            "k": "email",
                            "v": "justforgpt01@gmail.com"
                          },
                          {
                            "k": "events_url",
                            "v": "https://api.github.com/users/taeyeon349/events{/privacy}"
                          },
                          {
                            "k": "followers_url",
                            "v": "https://api.github.com/users/taeyeon349/followers"
                          },
                          {
                            "k": "following_url",
                            "v": "https://api.github.com/users/taeyeon349/following{/other_user}"
                          },
                          {
                            "k": "gists_url",
                            "v": "https://api.github.com/users/taeyeon349/gists{/gist_id}"
                          },
                          {
                            "k": "gravatar_id",
                            "v": ""
                          },
                          {
                            "k": "html_url",
                            "v": "https://github.com/taeyeon349"
                          },
                          {
                            "k": "id",
                            "v": 203577690.0
                          },
                          {
                            "k": "login",
                            "v": "taeyeon349"
                          },
                          {
                            "k": "name",
                            "v": "taeyeon349"
                          },
                          {
                            "k": "node_id",
                            "v": "U_kgDODCJZWg"
                          },
                          {
                            "k": "organizations_url",
                            "v": "https://api.github.com/users/taeyeon349/orgs"
                          },
                          {
                            "k": "received_events_url",
                            "v": "https://api.github.com/users/taeyeon349/received_events"
                          },
                          {
                            "k": "repos_url",
                            "v": "https://api.github.com/users/taeyeon349/repos"
                          },
                          {
                            "k": "site_admin",
                            "v": false
                          },
                          {
                            "k": "starred_url",
                            "v": "https://api.github.com/users/taeyeon349/starred{/owner}{/repo}"
                          },
                          {
                            "k": "subscriptions_url",
                            "v": "https://api.github.com/users/taeyeon349/subscriptions"
                          },
                          {
                            "k": "type",
                            "v": "User"
                          },
                          {
                            "k": "url",
                            "v": "https://api.github.com/users/taeyeon349"
                          },
                          {
                            "k": "user_view_type",
                            "v": "public"
                          }
                        ]
                      }
                    },
                    {
                      "k": "private",
                      "v": false
                    },
                    {
                      "k": "pull_request_creation_policy",
                      "v": "all"
                    },
                    {
                      "k": "pulls_url",
                      "v": "https://api.github.com/repos/taeyeon349/address/pulls{/number}"
                    },
                    {
                      "k": "pushed_at",
                      "v": 1780387071.0
                    },
                    {
                      "k": "releases_url",
                      "v": "https://api.github.com/repos/taeyeon349/address/releases{/id}"
                    },
                    {
                      "k": "size",
                      "v": 6.0
                    },
                    {
                      "k": "ssh_url",
                      "v": "git@github.com:taeyeon349/address.git"
                    },
                    {
                      "k": "stargazers",
                      "v": 0.0
                    },
                    {
                      "k": "stargazers_count",
                      "v": 0.0
                    },
                    {
                      "k": "stargazers_url",
                      "v": "https://api.github.com/repos/taeyeon349/address/stargazers"
                    },
                    {
                      "k": "statuses_url",
                      "v": "https://api.github.com/repos/taeyeon349/address/statuses/{sha}"
                    },
                    {
                      "k": "subscribers_url",
                      "v": "https://api.github.com/repos/taeyeon349/address/subscribers"
                    },
                    {
                      "k": "subscription_url",
                      "v": "https://api.github.com/repos/taeyeon349/address/subscription"
                    },
                    {
                      "k": "svn_url",
                      "v": "https://github.com/taeyeon349/address"
                    },
                    {
                      "k": "tags_url",
                      "v": "https://api.github.com/repos/taeyeon349/address/tags"
                    },
                    {
                      "k": "teams_url",
                      "v": "https://api.github.com/repos/taeyeon349/address/teams"
                    },
                    {
                      "k": "topics",
                      "v": {
                        "t": 1
                      }
                    },
                    {
                      "k": "trees_url",
                      "v": "https://api.github.com/repos/taeyeon349/address/git/trees{/sha}"
                    },
                    {
                      "k": "updated_at",
                      "v": "2026-06-02T04:18:19Z"
                    },
                    {
                      "k": "url",
                      "v": "https://api.github.com/repos/taeyeon349/address"
                    },
                    {
                      "k": "visibility",
                      "v": "public"
                    },
                    {
                      "k": "watchers",
                      "v": 0.0
                    },
                    {
                      "k": "watchers_count",
                      "v": 0.0
                    },
                    {
                      "k": "web_commit_signoff_required",
                      "v": false
                    }
                  ]
                }
              },
              {
                "k": "sender",
                "v": {
                  "t": 2,
                  "d": [
                    {
                      "k": "avatar_url",
                      "v": "https://avatars.githubusercontent.com/u/203577690?v=4"
                    },
                    {
                      "k": "events_url",
                      "v": "https://api.github.com/users/taeyeon349/events{/privacy}"
                    },
                    {
                      "k": "followers_url",
                      "v": "https://api.github.com/users/taeyeon349/followers"
                    },
                    {
                      "k": "following_url",
                      "v": "https://api.github.com/users/taeyeon349/following{/other_user}"
                    },
                    {
                      "k": "gists_url",
                      "v": "https://api.github.com/users/taeyeon349/gists{/gist_id}"
                    },
                    {
                      "k": "gravatar_id",
                      "v": ""
                    },
                    {
                      "k": "html_url",
                      "v": "https://github.com/taeyeon349"
                    },
                    {
                      "k": "id",
                      "v": 203577690.0
                    },
                    {
                      "k": "login",
                      "v": "taeyeon349"
                    },
                    {
                      "k": "node_id",
                      "v": "U_kgDODCJZWg"
                    },
                    {
                      "k": "organizations_url",
                      "v": "https://api.github.com/users/taeyeon349/orgs"
                    },
                    {
                      "k": "received_events_url",
                      "v": "https://api.github.com/users/taeyeon349/received_events"
                    },
                    {
                      "k": "repos_url",
                      "v": "https://api.github.com/users/taeyeon349/repos"
                    },
                    {
                      "k": "site_admin",
                      "v": false
                    },
                    {
                      "k": "starred_url",
                      "v": "https://api.github.com/users/taeyeon349/starred{/owner}{/repo}"
                    },
                    {
                      "k": "subscriptions_url",
                      "v": "https://api.github.com/users/taeyeon349/subscriptions"
                    },
                    {
                      "k": "type",
                      "v": "User"
                    },
                    {
                      "k": "url",
                      "v": "https://api.github.com/users/taeyeon349"
                    },
                    {
                      "k": "user_view_type",
                      "v": "public"
                    }
                  ]
                }
              }
            ]
          }
        },
        {
          "k": "workflow_ref",
          "v": "taeyeon349/address/.github/workflows/deploy.yml@refs/heads/main"
        },
        {
          "k": "workflow_sha",
          "v": "59b7dd4a1071912328e731c445b3c29ec4288998"
        },
        {
          "k": "repository_id",
          "v": "1256704811"
        },
        {
          "k": "triggering_actor",
          "v": "taeyeon349"
        }
      ]
    },
    "inputs": {
      "t": 2
    },
    "job": {
      "t": 2,
      "d": [
        {
          "k": "check_run_id",
          "v": 79025288159.0
        },
        {
          "k": "workflow_ref",
          "v": "taeyeon349/address/.github/workflows/deploy.yml@refs/heads/main"
        },
        {
          "k": "workflow_sha",
          "v": "59b7dd4a1071912328e731c445b3c29ec4288998"
        },
        {
          "k": "workflow_repository",
          "v": "taeyeon349/address"
        },
        {
          "k": "workflow_file_path",
          "v": ".github/workflows/deploy.yml"
        }
      ]
    },
    "matrix": null,
    "needs": {
      "t": 2
    },
    "strategy": {
      "t": 2,
      "d": [
        {
          "k": "fail-fast",
          "v": true
        },
        {
          "k": "job-index",
          "v": 0.0
        },
        {
          "k": "job-total",
          "v": 1.0
        },
        {
          "k": "max-parallel",
          "v": 1.0
        }
      ]
    },
    "vars": {
      "t": 2
    }
  },
  "billingOwnerId": "U_kgDODCJZWg"
}
[2026-06-02 07:58:02Z INFO JobRunner] Job ID df0b2778-29a6-5cf8-81f8-d819114e6601
[2026-06-02 07:58:02Z INFO ConfigurationStore] currentAssemblyLocation: /home/ubuntu/flaskapp/address/bin/Runner.Worker.dll
[2026-06-02 07:58:02Z INFO HostContext] Well known directory 'Bin': '/home/ubuntu/flaskapp/address/bin'
[2026-06-02 07:58:02Z INFO ConfigurationStore] binPath: /home/ubuntu/flaskapp/address/bin
[2026-06-02 07:58:02Z INFO HostContext] Well known directory 'Bin': '/home/ubuntu/flaskapp/address/bin'
[2026-06-02 07:58:02Z INFO HostContext] Well known directory 'Root': '/home/ubuntu/flaskapp/address'
[2026-06-02 07:58:02Z INFO ConfigurationStore] RootFolder: /home/ubuntu/flaskapp/address
[2026-06-02 07:58:02Z INFO HostContext] Well known directory 'Bin': '/home/ubuntu/flaskapp/address/bin'
[2026-06-02 07:58:02Z INFO HostContext] Well known directory 'Root': '/home/ubuntu/flaskapp/address'
[2026-06-02 07:58:02Z INFO HostContext] Well known config file 'Runner': '/home/ubuntu/flaskapp/address/.runner'
[2026-06-02 07:58:02Z INFO ConfigurationStore] ConfigFilePath: /home/ubuntu/flaskapp/address/.runner
[2026-06-02 07:58:02Z INFO HostContext] Well known directory 'Bin': '/home/ubuntu/flaskapp/address/bin'
[2026-06-02 07:58:02Z INFO HostContext] Well known directory 'Root': '/home/ubuntu/flaskapp/address'
[2026-06-02 07:58:02Z INFO HostContext] Well known config file 'MigratedRunner': '/home/ubuntu/flaskapp/address/.runner_migrated'
[2026-06-02 07:58:02Z INFO ConfigurationStore] MigratedConfigFilePath: /home/ubuntu/flaskapp/address/.runner_migrated
[2026-06-02 07:58:02Z INFO HostContext] Well known directory 'Bin': '/home/ubuntu/flaskapp/address/bin'
[2026-06-02 07:58:02Z INFO HostContext] Well known directory 'Root': '/home/ubuntu/flaskapp/address'
[2026-06-02 07:58:02Z INFO HostContext] Well known config file 'Credentials': '/home/ubuntu/flaskapp/address/.credentials'
[2026-06-02 07:58:02Z INFO ConfigurationStore] CredFilePath: /home/ubuntu/flaskapp/address/.credentials
[2026-06-02 07:58:02Z INFO HostContext] Well known directory 'Bin': '/home/ubuntu/flaskapp/address/bin'
[2026-06-02 07:58:02Z INFO HostContext] Well known directory 'Root': '/home/ubuntu/flaskapp/address'
[2026-06-02 07:58:02Z INFO HostContext] Well known config file 'MigratedCredentials': '/home/ubuntu/flaskapp/address/.credentials_migrated'
[2026-06-02 07:58:02Z INFO ConfigurationStore] MigratedCredFilePath: /home/ubuntu/flaskapp/address/.credentials_migrated
[2026-06-02 07:58:02Z INFO HostContext] Well known directory 'Bin': '/home/ubuntu/flaskapp/address/bin'
[2026-06-02 07:58:02Z INFO HostContext] Well known directory 'Root': '/home/ubuntu/flaskapp/address'
[2026-06-02 07:58:02Z INFO HostContext] Well known config file 'Service': '/home/ubuntu/flaskapp/address/.service'
[2026-06-02 07:58:02Z INFO ConfigurationStore] ServiceConfigFilePath: /home/ubuntu/flaskapp/address/.service
[2026-06-02 07:58:02Z INFO ConfigurationStore] Read setting file: 380 chars
[2026-06-02 07:58:02Z INFO JobRunner] Initializing launch client
[2026-06-02 07:58:02Z INFO JobServerQueue] Initializing results client
[2026-06-02 07:58:02Z INFO ResultServer] Creating websocket client ...wss://results-receiver.actions.githubusercontent.com/_ws/ingest.sock
[2026-06-02 07:58:02Z INFO ResultServer] Attempting to start websocket client with delay 00:00:00.
[2026-06-02 07:58:02Z INFO JobServerQueue] Start process web console line queue.
[2026-06-02 07:58:02Z INFO JobServerQueue] Start process file upload queue.
[2026-06-02 07:58:02Z INFO JobServerQueue] Start results file upload queue.
[2026-06-02 07:58:02Z INFO JobServerQueue] Starting results-based upload queue...
[2026-06-02 07:58:02Z INFO JobServerQueue] Start process timeline update queue.
[2026-06-02 07:58:02Z INFO ExecutionContext] Initializing Job context
[2026-06-02 07:58:02Z INFO ExecutionContext] Initialize GitHub context
[2026-06-02 07:58:02Z INFO ExecutionContext] Initialize Env context
[2026-06-02 07:58:02Z INFO HostContext] Well known directory 'Bin': '/home/ubuntu/flaskapp/address/bin'
[2026-06-02 07:58:02Z INFO HostContext] Well known directory 'Root': '/home/ubuntu/flaskapp/address'
[2026-06-02 07:58:02Z INFO HostContext] Well known directory 'Diag': '/home/ubuntu/flaskapp/address/_diag'
[2026-06-02 07:58:02Z INFO HostContext] Well known directory 'Bin': '/home/ubuntu/flaskapp/address/bin'
[2026-06-02 07:58:02Z INFO HostContext] Well known directory 'Root': '/home/ubuntu/flaskapp/address'
[2026-06-02 07:58:02Z INFO HostContext] Well known directory 'Diag': '/home/ubuntu/flaskapp/address/_diag'
[2026-06-02 07:58:02Z INFO JobRunner] Starting the job execution context.
[2026-06-02 07:58:02Z INFO HostContext] Well known directory 'Bin': '/home/ubuntu/flaskapp/address/bin'
[2026-06-02 07:58:02Z INFO HostContext] Well known directory 'Root': '/home/ubuntu/flaskapp/address'
[2026-06-02 07:58:02Z INFO HostContext] Well known directory 'Work': '/home/ubuntu/flaskapp/address/_work'
[2026-06-02 07:58:02Z INFO JobRunner] Validating directory permissions for: '/home/ubuntu/flaskapp/address/_work'
[2026-06-02 07:58:02Z INFO HostContext] Well known directory 'Bin': '/home/ubuntu/flaskapp/address/bin'
[2026-06-02 07:58:02Z INFO HostContext] Well known directory 'Root': '/home/ubuntu/flaskapp/address'
[2026-06-02 07:58:02Z INFO HostContext] Well known directory 'Work': '/home/ubuntu/flaskapp/address/_work'
[2026-06-02 07:58:02Z INFO HostContext] Well known directory 'Tools': '/home/ubuntu/flaskapp/address/_work/_tool'
[2026-06-02 07:58:02Z INFO HostContext] Well known directory 'Bin': '/home/ubuntu/flaskapp/address/bin'
[2026-06-02 07:58:02Z INFO HostContext] Well known directory 'Root': '/home/ubuntu/flaskapp/address'
[2026-06-02 07:58:02Z INFO HostContext] Well known directory 'Work': '/home/ubuntu/flaskapp/address/_work'
[2026-06-02 07:58:02Z INFO HostContext] Well known directory 'Temp': '/home/ubuntu/flaskapp/address/_work/_temp'
[2026-06-02 07:58:02Z INFO JobRunner] Getting job extension.
[2026-06-02 07:58:02Z INFO JobRunner] Initialize job. Getting all job steps.
[2026-06-02 07:58:02Z INFO HostContext] Well known directory 'Bin': '/home/ubuntu/flaskapp/address/bin'
[2026-06-02 07:58:02Z INFO HostContext] Well known directory 'Root': '/home/ubuntu/flaskapp/address'
[2026-06-02 07:58:02Z INFO HostContext] Well known directory 'Diag': '/home/ubuntu/flaskapp/address/_diag'
[2026-06-02 07:58:02Z INFO HostContext] Well known directory 'Bin': '/home/ubuntu/flaskapp/address/bin'
[2026-06-02 07:58:02Z INFO HostContext] Well known directory 'Root': '/home/ubuntu/flaskapp/address'
[2026-06-02 07:58:02Z INFO HostContext] Well known directory 'Diag': '/home/ubuntu/flaskapp/address/_diag'
[2026-06-02 07:58:02Z INFO HostContext] Well known directory 'Bin': '/home/ubuntu/flaskapp/address/bin'
[2026-06-02 07:58:02Z INFO HostContext] Well known directory 'Root': '/home/ubuntu/flaskapp/address'
[2026-06-02 07:58:02Z INFO HostContext] Well known config file 'Credentials': '/home/ubuntu/flaskapp/address/.credentials'
[2026-06-02 07:58:02Z INFO HostContext] Well known directory 'Bin': '/home/ubuntu/flaskapp/address/bin'
[2026-06-02 07:58:02Z INFO HostContext] Well known directory 'Root': '/home/ubuntu/flaskapp/address'
[2026-06-02 07:58:02Z INFO HostContext] Well known config file 'SetupInfo': '/home/ubuntu/flaskapp/address/.setup_info'
[2026-06-02 07:58:02Z INFO HostContext] Well known directory 'Bin': '/home/ubuntu/flaskapp/address/bin'
[2026-06-02 07:58:02Z INFO HostContext] Well known directory 'Root': '/home/ubuntu/flaskapp/address'
[2026-06-02 07:58:02Z INFO HostContext] Well known directory 'Work': '/home/ubuntu/flaskapp/address/_work'
[2026-06-02 07:58:02Z INFO PipelineDirectoryManager] Loading tracking config if exists: /home/ubuntu/flaskapp/address/_work/_PipelineMapping/taeyeon349/address/PipelineFolder.json
[2026-06-02 07:58:02Z INFO PipelineDirectoryManager] Creating a new tracking config file.
[2026-06-02 07:58:02Z INFO HostContext] Well known directory 'Bin': '/home/ubuntu/flaskapp/address/bin'
[2026-06-02 07:58:02Z INFO HostContext] Well known directory 'Root': '/home/ubuntu/flaskapp/address'
[2026-06-02 07:58:02Z INFO HostContext] Well known directory 'Work': '/home/ubuntu/flaskapp/address/_work'
[2026-06-02 07:58:02Z INFO PipelineDirectoryManager] Creating pipeline directory.
[2026-06-02 07:58:02Z INFO HostContext] Well known directory 'Bin': '/home/ubuntu/flaskapp/address/bin'
[2026-06-02 07:58:02Z INFO HostContext] Well known directory 'Root': '/home/ubuntu/flaskapp/address'
[2026-06-02 07:58:02Z INFO HostContext] Well known directory 'Work': '/home/ubuntu/flaskapp/address/_work'
[2026-06-02 07:58:02Z INFO PipelineDirectoryManager] Creating workspace directory.
[2026-06-02 07:58:02Z INFO HostContext] Well known directory 'Bin': '/home/ubuntu/flaskapp/address/bin'
[2026-06-02 07:58:02Z INFO HostContext] Well known directory 'Root': '/home/ubuntu/flaskapp/address'
[2026-06-02 07:58:02Z INFO HostContext] Well known directory 'Work': '/home/ubuntu/flaskapp/address/_work'
[2026-06-02 07:58:02Z INFO JobExtension] Downloading actions
[2026-06-02 07:58:02Z INFO HostContext] Well known directory 'Bin': '/home/ubuntu/flaskapp/address/bin'
[2026-06-02 07:58:02Z INFO HostContext] Well known directory 'Root': '/home/ubuntu/flaskapp/address'
[2026-06-02 07:58:02Z INFO HostContext] Well known directory 'Work': '/home/ubuntu/flaskapp/address/_work'
[2026-06-02 07:58:02Z INFO HostContext] Well known directory 'Actions': '/home/ubuntu/flaskapp/address/_work/_actions'
[2026-06-02 07:58:02Z INFO JobExtension] Adding .
[2026-06-02 07:58:02Z INFO HostContext] Well known directory 'Bin': '/home/ubuntu/flaskapp/address/bin'
[2026-06-02 07:58:02Z INFO HostContext] Well known directory 'Root': '/home/ubuntu/flaskapp/address'
[2026-06-02 07:58:02Z INFO HostContext] Well known directory 'Diag': '/home/ubuntu/flaskapp/address/_diag'
[2026-06-02 07:58:02Z INFO HostContext] Well known directory 'Bin': '/home/ubuntu/flaskapp/address/bin'
[2026-06-02 07:58:02Z INFO HostContext] Well known directory 'Root': '/home/ubuntu/flaskapp/address'
[2026-06-02 07:58:02Z INFO HostContext] Well known directory 'Diag': '/home/ubuntu/flaskapp/address/_diag'
[2026-06-02 07:58:02Z INFO JobExtension] Total accessible running process: 72.
[2026-06-02 07:58:02Z INFO HostContext] Well known directory 'Bin': '/home/ubuntu/flaskapp/address/bin'
[2026-06-02 07:58:02Z INFO HostContext] Well known directory 'Root': '/home/ubuntu/flaskapp/address'
[2026-06-02 07:58:02Z INFO HostContext] Well known directory 'Work': '/home/ubuntu/flaskapp/address/_work'
[2026-06-02 07:58:02Z INFO JobExtension] Start checking server connectivity.
[2026-06-02 07:58:02Z INFO JobExtension] Check server connectivity for https://broker.actions.githubusercontent.com/health.
[2026-06-02 07:58:02Z INFO JobExtension] Check server connectivity for https://token.actions.githubusercontent.com/ready.
[2026-06-02 07:58:02Z INFO JobExtension] Check server connectivity for https://run.actions.githubusercontent.com/health.
[2026-06-02 07:58:02Z INFO JobExtension] Start checking service connectivity in background.
[2026-06-02 07:58:02Z INFO ExecutionContext] Publish step telemetry for current step {
  "action": "setup_job",
  "type": "runner",
  "stage": "Pre",
  "stepId": "df7f111b-05df-46fc-a2e6-8e48edd5a632",
  "result": "succeeded",
  "errorMessages": [],
  "executionTimeInSeconds": 1,
  "startTime": "2026-06-02T07:58:02.5774906Z",
  "finishTime": "2026-06-02T07:58:02.6353108Z"
}.
[2026-06-02 07:58:02Z INFO JobRunner] Total job steps: 1.
[2026-06-02 07:58:02Z INFO JobRunner] Run all job steps.
[2026-06-02 07:58:02Z INFO DapDebugger] DapDebugger initialized
[2026-06-02 07:58:02Z INFO StepsRunner] Processing step: DisplayName='Execute Deploy Script'
[2026-06-02 07:58:02Z INFO StepsRunner] Evaluating: success()
[2026-06-02 07:58:02Z INFO StepsRunner] Result: true
[2026-06-02 07:58:02Z INFO StepsRunner] Starting the step.
[2026-06-02 07:58:02Z INFO HostContext] Well known directory 'Bin': '/home/ubuntu/flaskapp/address/bin'
[2026-06-02 07:58:02Z INFO HostContext] Well known directory 'Root': '/home/ubuntu/flaskapp/address'
[2026-06-02 07:58:02Z INFO HostContext] Well known directory 'Work': '/home/ubuntu/flaskapp/address/_work'
[2026-06-02 07:58:02Z INFO HostContext] Well known directory 'Temp': '/home/ubuntu/flaskapp/address/_work/_temp'
[2026-06-02 07:58:02Z INFO ExecutionContext] Write event payload to /home/ubuntu/flaskapp/address/_work/_temp/_github_workflow/event.json
[2026-06-02 07:58:02Z INFO HostContext] Well known directory 'Bin': '/home/ubuntu/flaskapp/address/bin'
[2026-06-02 07:58:02Z INFO HostContext] Well known directory 'Root': '/home/ubuntu/flaskapp/address'
[2026-06-02 07:58:02Z INFO HostContext] Well known directory 'Work': '/home/ubuntu/flaskapp/address/_work'
[2026-06-02 07:58:02Z INFO HostContext] Well known directory 'Temp': '/home/ubuntu/flaskapp/address/_work/_temp'
[2026-06-02 07:58:02Z INFO ExtensionManager] Getting extensions for interface: 'GitHub.Runner.Worker.IFileCommandExtension'
[2026-06-02 07:58:02Z INFO ExtensionManager] Creating instance: GitHub.Runner.Worker.AddPathFileCommand, Runner.Worker
[2026-06-02 07:58:02Z INFO ExtensionManager] Creating instance: GitHub.Runner.Worker.SetEnvFileCommand, Runner.Worker
[2026-06-02 07:58:02Z INFO ExtensionManager] Creating instance: GitHub.Runner.Worker.CreateStepSummaryCommand, Runner.Worker
[2026-06-02 07:58:02Z INFO ExtensionManager] Creating instance: GitHub.Runner.Worker.SaveStateFileCommand, Runner.Worker
[2026-06-02 07:58:02Z INFO ExtensionManager] Creating instance: GitHub.Runner.Worker.SetOutputFileCommand, Runner.Worker
[2026-06-02 07:58:02Z INFO ExtensionManager] Getting extensions for interface: 'GitHub.Runner.Worker.IActionCommandExtension'
[2026-06-02 07:58:02Z INFO ExtensionManager] Creating instance: GitHub.Runner.Worker.InternalPluginSetRepoPathCommandExtension, Runner.Worker
[2026-06-02 07:58:02Z INFO ExtensionManager] Creating instance: GitHub.Runner.Worker.SetEnvCommandExtension, Runner.Worker
[2026-06-02 07:58:02Z INFO ExtensionManager] Creating instance: GitHub.Runner.Worker.SetOutputCommandExtension, Runner.Worker
[2026-06-02 07:58:02Z INFO ExtensionManager] Creating instance: GitHub.Runner.Worker.SaveStateCommandExtension, Runner.Worker
[2026-06-02 07:58:02Z INFO ExtensionManager] Creating instance: GitHub.Runner.Worker.AddPathCommandExtension, Runner.Worker
[2026-06-02 07:58:02Z INFO ExtensionManager] Creating instance: GitHub.Runner.Worker.AddMaskCommandExtension, Runner.Worker
[2026-06-02 07:58:02Z INFO ExtensionManager] Creating instance: GitHub.Runner.Worker.AddMatcherCommandExtension, Runner.Worker
[2026-06-02 07:58:02Z INFO ExtensionManager] Creating instance: GitHub.Runner.Worker.RemoveMatcherCommandExtension, Runner.Worker
[2026-06-02 07:58:02Z INFO ExtensionManager] Creating instance: GitHub.Runner.Worker.WarningCommandExtension, Runner.Worker
[2026-06-02 07:58:02Z INFO ExtensionManager] Creating instance: GitHub.Runner.Worker.ErrorCommandExtension, Runner.Worker
[2026-06-02 07:58:02Z INFO ExtensionManager] Creating instance: GitHub.Runner.Worker.NoticeCommandExtension, Runner.Worker
[2026-06-02 07:58:02Z INFO ExtensionManager] Creating instance: GitHub.Runner.Worker.DebugCommandExtension, Runner.Worker
[2026-06-02 07:58:02Z INFO ExtensionManager] Creating instance: GitHub.Runner.Worker.GroupCommandExtension, Runner.Worker
[2026-06-02 07:58:02Z INFO ExtensionManager] Creating instance: GitHub.Runner.Worker.EndGroupCommandExtension, Runner.Worker
[2026-06-02 07:58:02Z INFO ExtensionManager] Creating instance: GitHub.Runner.Worker.EchoCommandExtension, Runner.Worker
[2026-06-02 07:58:02Z INFO ActionCommandManager] Register action command extension for command internal-set-repo-path
[2026-06-02 07:58:02Z INFO ActionCommandManager] Register action command extension for command set-env
[2026-06-02 07:58:02Z INFO ActionCommandManager] Register action command extension for command set-output
[2026-06-02 07:58:02Z INFO ActionCommandManager] Register action command extension for command save-state
[2026-06-02 07:58:02Z INFO ActionCommandManager] Register action command extension for command add-path
[2026-06-02 07:58:02Z INFO ActionCommandManager] Register action command extension for command add-mask
[2026-06-02 07:58:02Z INFO ActionCommandManager] Register action command extension for command add-matcher
[2026-06-02 07:58:02Z INFO ActionCommandManager] Register action command extension for command remove-matcher
[2026-06-02 07:58:02Z INFO ActionCommandManager] Register action command extension for command warning
[2026-06-02 07:58:02Z INFO ActionCommandManager] Register action command extension for command error
[2026-06-02 07:58:02Z INFO ActionCommandManager] Register action command extension for command notice
[2026-06-02 07:58:02Z INFO ActionCommandManager] Register action command extension for command debug
[2026-06-02 07:58:02Z INFO ActionCommandManager] Register action command extension for command group
[2026-06-02 07:58:02Z INFO ActionCommandManager] Register action command extension for command endgroup
[2026-06-02 07:58:02Z INFO ActionCommandManager] Register action command extension for command echo
[2026-06-02 07:58:02Z INFO ScriptHandler] Which2: 'bash'
[2026-06-02 07:58:02Z INFO ScriptHandler] Location: '/usr/bin/bash'
[2026-06-02 07:58:02Z INFO HostContext] Well known directory 'Bin': '/home/ubuntu/flaskapp/address/bin'
[2026-06-02 07:58:02Z INFO HostContext] Well known directory 'Root': '/home/ubuntu/flaskapp/address'
[2026-06-02 07:58:02Z INFO HostContext] Well known directory 'Work': '/home/ubuntu/flaskapp/address/_work'
[2026-06-02 07:58:02Z INFO HostContext] Well known directory 'Temp': '/home/ubuntu/flaskapp/address/_work/_temp'
[2026-06-02 07:58:02Z INFO ScriptHandler] Which2: 'bash'
[2026-06-02 07:58:02Z INFO ScriptHandler] Location: '/usr/bin/bash'
[2026-06-02 07:58:02Z INFO ProcessInvokerWrapper] Starting process:
[2026-06-02 07:58:02Z INFO ProcessInvokerWrapper]   File name: '/usr/bin/bash'
[2026-06-02 07:58:02Z INFO ProcessInvokerWrapper]   Arguments: '-e /home/ubuntu/flaskapp/address/_work/_temp/f1dd69c3-6d7b-43a7-9ef1-37fd7c24550a.sh'
[2026-06-02 07:58:02Z INFO ProcessInvokerWrapper]   Working directory: '/home/ubuntu/flaskapp/address/_work/address/address'
[2026-06-02 07:58:02Z INFO ProcessInvokerWrapper]   Require exit code zero: 'False'
[2026-06-02 07:58:02Z INFO ProcessInvokerWrapper]   Encoding web name:  ; code page: ''
[2026-06-02 07:58:02Z INFO ProcessInvokerWrapper]   Force kill process on cancellation: 'False'
[2026-06-02 07:58:02Z INFO ProcessInvokerWrapper]   Redirected STDIN: 'False'
[2026-06-02 07:58:02Z INFO ProcessInvokerWrapper]   Persist current code page: 'False'
[2026-06-02 07:58:02Z INFO ProcessInvokerWrapper]   Keep redirected STDIN open: 'False'
[2026-06-02 07:58:02Z INFO ProcessInvokerWrapper]   High priority process: 'False'
[2026-06-02 07:58:02Z INFO ProcessInvokerWrapper] Updated oom_score_adj to 500 for PID: 28489.
[2026-06-02 07:58:02Z INFO ProcessInvokerWrapper] Process started with process id 28489, waiting for process exit.
[2026-06-02 07:58:02Z INFO Worker] Listening for cancel message from the channel.
[2026-06-02 07:58:02Z INFO Worker] Waiting for the job to complete or for a cancel message from the channel.
[2026-06-02 07:58:03Z INFO ResultServer] Successfully started websocket client.
[2026-06-02 07:58:03Z INFO JobServerQueue] Try to append 1 batches web console lines for record 'df7f111b-05df-46fc-a2e6-8e48edd5a632', success rate: 1/1.
[2026-06-02 07:58:03Z INFO JobServerQueue] Try to append 1 batches web console lines for record 'c7d5a047-884b-40ca-af3b-22e5576d53a5', success rate: 1/1.
[2026-06-02 07:58:03Z INFO ProcessInvokerWrapper] STDOUT/STDERR stream read finished.
[2026-06-02 07:58:03Z INFO ProcessInvokerWrapper] STDOUT/STDERR stream read finished.
[2026-06-02 07:58:03Z INFO ProcessInvokerWrapper] Finished process 28489 with exit code 1, and elapsed time 00:00:00.8393081.
[2026-06-02 07:58:03Z INFO CreateStepSummaryCommand] Step Summary file (/home/ubuntu/flaskapp/address/_work/_temp/_runner_file_commands/step_summary_019bd448-f7c8-46af-b99a-18898ae75126) is empty; skipping attachment upload
[2026-06-02 07:58:03Z INFO StepsRunner] Step result: Failed
[2026-06-02 07:58:03Z INFO ExecutionContext] Publish step telemetry for current step {
  "action": "sh",
  "type": "run",
  "stage": "Main",
  "stepId": "c7d5a047-884b-40ca-af3b-22e5576d53a5",
  "stepContextName": "__run",
  "result": "failed",
  "errorMessages": [
    "Process completed with exit code 1."
  ],
  "executionTimeInSeconds": 1,
  "startTime": "2026-06-02T07:58:02.6449574Z",
  "finishTime": "2026-06-02T07:58:03.5301486Z"
}.
[2026-06-02 07:58:03Z INFO StepsRunner] Update job result with current step result 'Failed'.
[2026-06-02 07:58:03Z INFO StepsRunner] Current state: job state = 'Failed'
[2026-06-02 07:58:03Z INFO JobRunner] Finalize job.
[2026-06-02 07:58:03Z INFO HostContext] Well known directory 'Bin': '/home/ubuntu/flaskapp/address/bin'
[2026-06-02 07:58:03Z INFO HostContext] Well known directory 'Root': '/home/ubuntu/flaskapp/address'
[2026-06-02 07:58:03Z INFO HostContext] Well known directory 'Diag': '/home/ubuntu/flaskapp/address/_diag'
[2026-06-02 07:58:03Z INFO HostContext] Well known directory 'Bin': '/home/ubuntu/flaskapp/address/bin'
[2026-06-02 07:58:03Z INFO HostContext] Well known directory 'Root': '/home/ubuntu/flaskapp/address'
[2026-06-02 07:58:03Z INFO HostContext] Well known directory 'Diag': '/home/ubuntu/flaskapp/address/_diag'
[2026-06-02 07:58:03Z INFO JobExtension] Initialize Env context
[2026-06-02 07:58:03Z INFO JobExtension] Initialize steps context
[2026-06-02 07:58:03Z INFO JobExtension] Total accessible running process: 65.
[2026-06-02 07:58:03Z INFO JobExtension] Wait for all connectivity checks to finish.
[2026-06-02 07:58:03Z INFO JobExtension] Connectivity check result: GitHub.Runner.Worker.JobExtension+CheckResult
[2026-06-02 07:58:03Z INFO JobExtension] Connectivity check result: GitHub.Runner.Worker.JobExtension+CheckResult
[2026-06-02 07:58:03Z INFO JobExtension] Connectivity check result: GitHub.Runner.Worker.JobExtension+CheckResult
[2026-06-02 07:58:03Z INFO ExecutionContext] Publish step telemetry for current step {
  "action": "complete_job",
  "type": "runner",
  "stage": "Post",
  "stepId": "255eff16-70c1-42a7-a59d-487a28920317",
  "result": "succeeded",
  "errorMessages": [],
  "executionTimeInSeconds": 1,
  "startTime": "2026-06-02T07:58:03.534995Z",
  "finishTime": "2026-06-02T07:58:03.5426636Z"
}.
[2026-06-02 07:58:03Z INFO JobRunner] Job result after all job steps finish: Failed
[2026-06-02 07:58:03Z INFO JobRunner] Completing the job execution context.
[2026-06-02 07:58:03Z INFO JobRunner] Shutting down the job server queue.
[2026-06-02 07:58:03Z INFO JobServerQueue] Fire signal to shutdown all queues.
[2026-06-02 07:58:03Z INFO JobServerQueue] Job timeline record has been updated for the first time.
[2026-06-02 07:58:04Z INFO JobServerQueue] All queue process task stopped.
[2026-06-02 07:58:04Z INFO JobServerQueue] Try to append 1 batches web console lines for record 'c7d5a047-884b-40ca-af3b-22e5576d53a5', success rate: 1/1.
[2026-06-02 07:58:04Z INFO JobServerQueue] Try to append 1 batches web console lines for record '255eff16-70c1-42a7-a59d-487a28920317', success rate: 1/1.
[2026-06-02 07:58:04Z INFO JobServerQueue] Web console line queue drained.
[2026-06-02 07:58:04Z INFO JobServerQueue] Uploading 4 files in one shot.
[2026-06-02 07:58:04Z INFO JobServerQueue] Try to upload 4 log files or attachments, success rate: 4/4.
[2026-06-02 07:58:04Z INFO JobServerQueue] File upload queue drained.
[2026-06-02 07:58:04Z INFO JobServerQueue] Starting results-based upload queue...
[2026-06-02 07:58:04Z INFO JobServerQueue] Uploading 4 file(s) in one shot through results service.
[2026-06-02 07:58:04Z INFO JobServerQueue] Got a step log file to send to results service.
[2026-06-02 07:58:04Z INFO JobServerQueue] Starting upload of step log file to results service ResultsLog, /home/ubuntu/flaskapp/address/_diag/blocks/c7859933-b331-48ae-859b-553bbbace3ee_df7f111b-05df-46fc-a2e6-8e48edd5a632.1
[2026-06-02 07:58:05Z INFO JobServerQueue] Got a step log file to send to results service.
[2026-06-02 07:58:05Z INFO JobServerQueue] Starting upload of step log file to results service ResultsLog, /home/ubuntu/flaskapp/address/_diag/blocks/c7859933-b331-48ae-859b-553bbbace3ee_c7d5a047-884b-40ca-af3b-22e5576d53a5.1
[2026-06-02 07:58:06Z INFO JobServerQueue] Got a step log file to send to results service.
[2026-06-02 07:58:06Z INFO JobServerQueue] Starting upload of step log file to results service ResultsLog, /home/ubuntu/flaskapp/address/_diag/blocks/c7859933-b331-48ae-859b-553bbbace3ee_255eff16-70c1-42a7-a59d-487a28920317.1
[2026-06-02 07:58:07Z INFO JobServerQueue] Got a job log file to send to results service.
[2026-06-02 07:58:07Z INFO JobServerQueue] Starting upload of job log file to results service ResultsLog, /home/ubuntu/flaskapp/address/_diag/blocks/c7859933-b331-48ae-859b-553bbbace3ee_df0b2778-29a6-5cf8-81f8-d819114e6601.1
[2026-06-02 07:58:08Z INFO JobServerQueue] Tried to upload 4 file(s) to results, success rate: 4/4.
[2026-06-02 07:58:08Z INFO JobServerQueue] Results upload queue drained.
[2026-06-02 07:58:08Z INFO JobServerQueue] Timeline update queue drained.
[2026-06-02 07:58:08Z INFO JobServerQueue] Disposing job server ...
[2026-06-02 07:58:08Z INFO JobServerQueue] Disposing results server ...
[2026-06-02 07:58:08Z INFO JobServerQueue] All queue process tasks have been stopped, and all queues are drained.
[2026-06-02 07:58:08Z INFO TempDirectoryManager] Cleaning runner temp folder: /home/ubuntu/flaskapp/address/_work/_temp
[2026-06-02 07:58:08Z INFO HostContext] Well known directory 'Bin': '/home/ubuntu/flaskapp/address/bin'
[2026-06-02 07:58:08Z INFO HostContext] Well known directory 'Root': '/home/ubuntu/flaskapp/address'
[2026-06-02 07:58:08Z INFO HostContext] Well known directory 'Diag': '/home/ubuntu/flaskapp/address/_diag'
[2026-06-02 07:58:08Z INFO HostContext] Well known config file 'Telemetry': '/home/ubuntu/flaskapp/address/_diag/.telemetry'
[2026-06-02 07:58:08Z INFO JobRunner] Raising job completed against run service
[2026-06-02 07:58:09Z INFO Worker] Job completed.
